// Jest Snapshot v1, https://goo.gl/fbAQLP

exports[`<UserDetails /> renders correctly and equals snapshot 1`] = `
<div
  className="css-1rypxo3"
>
  <div>
    Johny vinoâ„¢ .
  </div>
  <div>
    New York, United States
  </div>
</div>
`;
