// Jest Snapshot v1, https://goo.gl/fbAQLP

exports[`<UserWorkExperience /> renders correctly and equals snapshot 1`] = `
<div
  className="css-qijqp5"
>
  <table
    className="css-1z0wrym"
  >
    <thead>
      <tr>
        <th>
          Position
        </th>
        <th>
          Organization
        </th>
        <th>
          Location
        </th>
      </tr>
    </thead>
    <tbody>
      <tr>
        <td>
          Co-Founder & Chief of Design
        </td>
        <td>
          Behance
        </td>
        <td>
          Brooklyn, NY, USA
        </td>
      </tr>
      <tr>
        <td>
          Senior Designer
        </td>
        <td>
          AR Media
        </td>
        <td>
          Brooklyn, NY, USA
        </td>
      </tr>
      <tr>
        <td>
          Senior Designer
        </td>
        <td>
          Pro Am
        </td>
        <td>
          New York, NY, USA
        </td>
      </tr>
      <tr>
        <td>
          Junior Designer
        </td>
        <td>
          Zeligmedia
        </td>
        <td>
          Barcelona, Spain
        </td>
      </tr>
      <tr>
        <td>
          Junior Designer
        </td>
        <td>
          Triada ComunicaciÃ³n
        </td>
        <td>
          Barcelona, Spain
        </td>
      </tr>
    </tbody>
  </table>
</div>
`;
