// Jest Snapshot v1, https://goo.gl/fbAQLP

exports[`<SectionMessage /> renders correctly and matches snapshot 1`] = `
<div
  className="css-arfcei"
>
  This is a message
</div>
`;
